"{\"equipment\":{\"rightHand\":{\"name\":\"any\",\"baseDamage\":30,\"damageModifier\":17.0},\"leftHand\":{\"name\":\"any\",\"baseDamage\":0,\"damageModifier\":0.5},\"head\":{\"name\":\"any\",\"baseDamage\":0,\"damageModifier\":0.5},\"chest\":{\"name\":\"any\",\"baseDamage\":0,\"damageModifier\":0.5},\"feet\":{\"name\":\"any\",\"baseDamage\":0,\"damageModifier\":0.5}}}"