{
  "amount": 111.11,
  "iban": "EE1420041010050500013M02606"
}