[
  {
    "amount": 111.11,
    "iban": "EE1420041010050500013M02606"
  },
  {
    "amount": 222.22,
    "iban": "FI89370400440532013000"
  }
]