"{\"access_token\":\"[TOKEN]\",\"token_type\":\"bear\",\"expires_in\":10,\"requested_by\":\"test\",\"issued_at\":\"date\",\"expires_at\":\"date\"}"